// Vitest Snapshot v1, https://vitest.dev/guide/snapshot.html

exports[`getInfo > algorithmInfo 1`] = `[]`;

exports[`getInfo > globalsInfo 1`] = `
{
  "atoms": {
    "last12Months": null,
    "lastMonth": null,
    "total": 0,
  },
  "entries": {
    "last12Months": 74,
    "lastMonth": 66,
    "total": 83,
  },
  "hoses": {
    "last12Months": null,
    "lastMonth": null,
    "total": 0,
  },
}
`;
