// Vitest Snapshot v1, https://vitest.dev/guide/snapshot.html

exports[`importXYZ > algorithmInfo 1`] = `
{
  "GW_charged": [
    {
      "algorithmID": 1,
      "atomCount": 5,
      "contactID": 1,
      "description": "GW_charged test 1",
      "entryCount": 5,
      "hoseCount": 25,
      "mail": "test1@test.ch",
      "version": "1.0.0",
    },
    {
      "algorithmID": 4,
      "atomCount": 15,
      "contactID": 2,
      "description": "GW_charged test 2",
      "entryCount": 15,
      "hoseCount": 75,
      "mail": "test2@test.ch",
      "version": "1.5.0",
    },
    {
      "algorithmID": 7,
      "atomCount": 110,
      "contactID": 3,
      "description": "GW_charged test 3",
      "entryCount": 110,
      "hoseCount": 550,
      "mail": "test3@test.ch",
      "version": "2.0.0",
    },
  ],
  "dKS_charged": [
    {
      "algorithmID": 3,
      "atomCount": 3,
      "contactID": 1,
      "description": "dKS_charged test 1",
      "entryCount": 3,
      "hoseCount": 15,
      "mail": "test1@test.ch",
      "version": "1.0.0",
    },
    {
      "algorithmID": 5,
      "atomCount": 7,
      "contactID": 2,
      "description": "dKS_charged test 2",
      "entryCount": 7,
      "hoseCount": 35,
      "mail": "test2@test.ch",
      "version": "1.2.0",
    },
    {
      "algorithmID": 8,
      "atomCount": 86,
      "contactID": 3,
      "description": "dKS_charged test 3",
      "entryCount": 86,
      "hoseCount": 430,
      "mail": "test3@test.ch",
      "version": "3.0.0",
    },
  ],
  "dKS_neutral": [
    {
      "algorithmID": 2,
      "atomCount": 5,
      "contactID": 1,
      "description": "dKS_neutral test 1",
      "entryCount": 5,
      "hoseCount": 25,
      "mail": "test1@test.ch",
      "version": "1.0.0",
    },
    {
      "algorithmID": 6,
      "atomCount": 15,
      "contactID": 2,
      "description": "dKS_neutral test 2",
      "entryCount": 15,
      "hoseCount": 75,
      "mail": "test2@test.ch",
      "version": "1.6.0",
    },
    {
      "algorithmID": 9,
      "atomCount": 92,
      "contactID": 3,
      "description": "dKS_neutral test 3",
      "entryCount": 92,
      "hoseCount": 460,
      "mail": "test3@test.ch",
      "version": "4.0.0",
    },
  ],
}
`;

exports[`importXYZ > globalsInfo 1`] = `
{
  "atoms": {
    "last12Months": 313,
    "lastMonth": 296,
    "total": 358,
  },
  "entries": {
    "last12Months": 26,
    "lastMonth": 22,
    "total": 29,
  },
  "hoses": {
    "last12Months": 1565,
    "lastMonth": 1480,
    "total": 1790,
  },
}
`;
