// Vitest Snapshot v1, https://vitest.dev/guide/snapshot.html

exports[`getInfo > algorithmInfo 1`] = `
[
  {
    "algorithmID": 1,
    "algorithmName": "GW_charged",
    "atomCount": 5,
    "contactID": 1,
    "description": "GW_charged test 1",
    "email": "test1@test.ch",
    "entryCount": 5,
    "hoseCount": 25,
    "version": "1.0.0",
  },
  {
    "algorithmID": 2,
    "algorithmName": "dKS_neutral",
    "atomCount": 5,
    "contactID": 1,
    "description": "dKS_neutral test 1",
    "email": "test1@test.ch",
    "entryCount": 5,
    "hoseCount": 25,
    "version": "1.0.0",
  },
  {
    "algorithmID": 3,
    "algorithmName": "dKS_charged",
    "atomCount": 3,
    "contactID": 1,
    "description": "dKS_charged test 1",
    "email": "test1@test.ch",
    "entryCount": 3,
    "hoseCount": 15,
    "version": "1.0.0",
  },
  {
    "algorithmID": 4,
    "algorithmName": "GW_charged",
    "atomCount": 15,
    "contactID": 2,
    "description": "GW_charged test 2",
    "email": "test2@test.ch",
    "entryCount": 15,
    "hoseCount": 75,
    "version": "1.5.0",
  },
  {
    "algorithmID": 5,
    "algorithmName": "dKS_charged",
    "atomCount": 7,
    "contactID": 2,
    "description": "dKS_charged test 2",
    "email": "test2@test.ch",
    "entryCount": 7,
    "hoseCount": 35,
    "version": "1.2.0",
  },
  {
    "algorithmID": 6,
    "algorithmName": "dKS_neutral",
    "atomCount": 15,
    "contactID": 2,
    "description": "dKS_neutral test 2",
    "email": "test2@test.ch",
    "entryCount": 15,
    "hoseCount": 75,
    "version": "1.6.0",
  },
  {
    "algorithmID": 7,
    "algorithmName": "GW_charged",
    "atomCount": 110,
    "contactID": 3,
    "description": "GW_charged test 3",
    "email": "test3@test.ch",
    "entryCount": 110,
    "hoseCount": 550,
    "version": "2.0.0",
  },
  {
    "algorithmID": 8,
    "algorithmName": "dKS_charged",
    "atomCount": 86,
    "contactID": 3,
    "description": "dKS_charged test 3",
    "email": "test3@test.ch",
    "entryCount": 86,
    "hoseCount": 430,
    "version": "3.0.0",
  },
  {
    "algorithmID": 9,
    "algorithmName": "dKS_neutral",
    "atomCount": 92,
    "contactID": 3,
    "description": "dKS_neutral test 3",
    "email": "test3@test.ch",
    "entryCount": 92,
    "hoseCount": 460,
    "version": "4.0.0",
  },
]
`;

exports[`getInfo > globalsInfo 1`] = `
{
  "atoms": {
    "last12Months": 313,
    "lastMonth": 296,
    "total": 358,
  },
  "entries": {
    "last12Months": 26,
    "lastMonth": 22,
    "total": 29,
  },
  "hoses": {
    "last12Months": 1565,
    "lastMonth": 1480,
    "total": 1790,
  },
}
`;
